src/providers/gmailProvider.ts(1,24): error TS2307: Cannot find module 'googleapis' or its corresponding type declarations.
src/providers/gmailProvider.ts(3,17): error TS2307: Cannot find module '../config/env.js' or its corresponding type declarations.
src/providers/gmailProvider.ts(73,5): error TS2322: Type 'string | null' is not assignable to type 'string'.
  Type 'null' is not assignable to type 'string'.
src/providers/nodemailerProvider.ts(2,17): error TS2307: Cannot find module '../config/env.js' or its corresponding type declarations.
src/routes/v1/health.ts(8,22): error TS2769: No overload matches this call.
  Overload 1 of 3, '(path: string, handler: RouteHandlerMethod<RawServerDefault, IncomingMessage, ServerResponse<IncomingMessage>, RouteGenericInterface, unknown, FastifySchema, FastifyTypeProviderDefault, FastifyBaseLogger>): FastifyInstance<...>', gave the following error.
    Argument of type '(req: Request, res: Response) => Promise<never>' is not assignable to parameter of type 'RouteHandlerMethod<RawServerDefault, IncomingMessage, ServerResponse<IncomingMessage>, RouteGenericInterface, unknown, FastifySchema, FastifyTypeProviderDefault, FastifyBaseLogger>'.
      Types of parameters 'req' and 'request' are incompatible.
        Type 'FastifyRequest<RouteGenericInterface, RawServerDefault, IncomingMessage, FastifySchema, FastifyTypeProviderDefault, unknown, FastifyBaseLogger, ResolveFastifyRequestType<...>>' is missing the following properties from type 'Request': cache, credentials, destination, integrity, and 12 more.
  Overload 2 of 3, '(path: string, opts: RouteShorthandOptionsWithHandler<RawServerDefault, IncomingMessage, ServerResponse<IncomingMessage>, RouteGenericInterface, unknown, FastifySchema, FastifyTypeProviderDefault, FastifyBaseLogger>): FastifyInstance<...>', gave the following error.
    Argument of type '(req: Request, res: Response) => Promise<never>' is not assignable to parameter of type 'RouteShorthandOptionsWithHandler<RawServerDefault, IncomingMessage, ServerResponse<IncomingMessage>, RouteGenericInterface, unknown, FastifySchema, FastifyTypeProviderDefault, FastifyBaseLogger>'.
src/routes/v1/health.ts(10,24): error TS2345: Argument of type 'Response' is not assignable to parameter of type 'FastifyReply<RouteGenericInterface, RawServerDefault, IncomingMessage, ServerResponse<IncomingMessage>, unknown, FastifySchema, FastifyTypeProviderDefault, unknown>'.
  Type 'Response' is missing the following properties from type 'FastifyReply<RouteGenericInterface, RawServerDefault, IncomingMessage, ServerResponse<IncomingMessage>, unknown, FastifySchema, FastifyTypeProviderDefault, unknown>': routeOptions, raw, elapsedTime, log, and 32 more.
src/routes/v1/ping.ts(7,20): error TS2769: No overload matches this call.
  Overload 1 of 3, '(path: string, handler: RouteHandlerMethod<RawServerDefault, IncomingMessage, ServerResponse<IncomingMessage>, RouteGenericInterface, unknown, FastifySchema, FastifyTypeProviderDefault, FastifyBaseLogger>): FastifyInstance<...>', gave the following error.
    Argument of type '(req: Request, res: Response) => Promise<never>' is not assignable to parameter of type 'RouteHandlerMethod<RawServerDefault, IncomingMessage, ServerResponse<IncomingMessage>, RouteGenericInterface, unknown, FastifySchema, FastifyTypeProviderDefault, FastifyBaseLogger>'.
      Types of parameters 'req' and 'request' are incompatible.
        Type 'FastifyRequest<RouteGenericInterface, RawServerDefault, IncomingMessage, FastifySchema, FastifyTypeProviderDefault, unknown, FastifyBaseLogger, ResolveFastifyRequestType<...>>' is missing the following properties from type 'Request': cache, credentials, destination, integrity, and 12 more.
  Overload 2 of 3, '(path: string, opts: RouteShorthandOptionsWithHandler<RawServerDefault, IncomingMessage, ServerResponse<IncomingMessage>, RouteGenericInterface, unknown, FastifySchema, FastifyTypeProviderDefault, FastifyBaseLogger>): FastifyInstance<...>', gave the following error.
    Argument of type '(req: Request, res: Response) => Promise<never>' is not assignable to parameter of type 'RouteShorthandOptionsWithHandler<RawServerDefault, IncomingMessage, ServerResponse<IncomingMessage>, RouteGenericInterface, unknown, FastifySchema, FastifyTypeProviderDefault, FastifyBaseLogger>'.
src/routes/v1/ping.ts(8,24): error TS2345: Argument of type 'Response' is not assignable to parameter of type 'FastifyReply<RouteGenericInterface, RawServerDefault, IncomingMessage, ServerResponse<IncomingMessage>, unknown, FastifySchema, FastifyTypeProviderDefault, unknown>'.
  Type 'Response' is missing the following properties from type 'FastifyReply<RouteGenericInterface, RawServerDefault, IncomingMessage, ServerResponse<IncomingMessage>, unknown, FastifySchema, FastifyTypeProviderDefault, unknown>': routeOptions, raw, elapsedTime, log, and 32 more.
src/routes/v1/version.ts(6,25): error TS2769: No overload matches this call.
  Overload 1 of 3, '(path: string, handler: RouteHandlerMethod<RawServerDefault, IncomingMessage, ServerResponse<IncomingMessage>, RouteGenericInterface, unknown, FastifySchema, FastifyTypeProviderDefault, FastifyBaseLogger>): FastifyInstance<...>', gave the following error.
    Argument of type '(req: Request, res: Response) => FastifyReply<RouteGenericInterface, RawServerDefault, IncomingMessage, ServerResponse<IncomingMessage>, unknown, FastifySchema, FastifyTypeProviderDefault, unknown>' is not assignable to parameter of type 'RouteHandlerMethod<RawServerDefault, IncomingMessage, ServerResponse<IncomingMessage>, RouteGenericInterface, unknown, FastifySchema, FastifyTypeProviderDefault, FastifyBaseLogger>'.
      Types of parameters 'req' and 'request' are incompatible.
        Type 'FastifyRequest<RouteGenericInterface, RawServerDefault, IncomingMessage, FastifySchema, FastifyTypeProviderDefault, unknown, FastifyBaseLogger, ResolveFastifyRequestType<...>>' is missing the following properties from type 'Request': cache, credentials, destination, integrity, and 12 more.
  Overload 2 of 3, '(path: string, opts: RouteShorthandOptionsWithHandler<RawServerDefault, IncomingMessage, ServerResponse<IncomingMessage>, RouteGenericInterface, unknown, FastifySchema, FastifyTypeProviderDefault, FastifyBaseLogger>): FastifyInstance<...>', gave the following error.
    Argument of type '(req: Request, res: Response) => FastifyReply<RouteGenericInterface, RawServerDefault, IncomingMessage, ServerResponse<IncomingMessage>, unknown, FastifySchema, FastifyTypeProviderDefault, unknown>' is not assignable to parameter of type 'RouteShorthandOptionsWithHandler<RawServerDefault, IncomingMessage, ServerResponse<IncomingMessage>, RouteGenericInterface, unknown, FastifySchema, FastifyTypeProviderDefault, FastifyBaseLogger>'.
src/routes/v1/version.ts(7,28): error TS2345: Argument of type 'Response' is not assignable to parameter of type 'FastifyReply<RouteGenericInterface, RawServerDefault, IncomingMessage, ServerResponse<IncomingMessage>, unknown, FastifySchema, FastifyTypeProviderDefault, unknown>'.
  Type 'Response' is missing the following properties from type 'FastifyReply<RouteGenericInterface, RawServerDefault, IncomingMessage, ServerResponse<IncomingMessage>, unknown, FastifySchema, FastifyTypeProviderDefault, unknown>': routeOptions, raw, elapsedTime, log, and 32 more.
src/services/authService.ts(484,15): error TS2339: Property 'credentialID' does not exist on type '{ fmt: AttestationFormat; aaguid: string; credential: WebAuthnCredential; credentialType: "public-key"; attestationObject: Uint8Array<ArrayBuffer>; ... 5 more ...; authenticatorExtensionResults?: unknown; }'.
src/services/authService.ts(484,29): error TS2339: Property 'credentialPublicKey' does not exist on type '{ fmt: AttestationFormat; aaguid: string; credential: WebAuthnCredential; credentialType: "public-key"; attestationObject: Uint8Array<ArrayBuffer>; ... 5 more ...; authenticatorExtensionResults?: unknown; }'.
src/services/authService.ts(484,50): error TS2339: Property 'counter' does not exist on type '{ fmt: AttestationFormat; aaguid: string; credential: WebAuthnCredential; credentialType: "public-key"; attestationObject: Uint8Array<ArrayBuffer>; ... 5 more ...; authenticatorExtensionResults?: unknown; }'.
src/services/authService.ts(488,11): error TS2322: Type 'string' is not assignable to type 'Uint8Array<ArrayBuffer>'.
src/services/authService.ts(511,7): error TS2322: Type '{ id: Buffer<ArrayBuffer>; type: string; transports: any[]; }[]' is not assignable to type '{ id: string; transports?: AuthenticatorTransportFuture[] | undefined; }[]'.
  Type '{ id: Buffer<ArrayBuffer>; type: string; transports: any[]; }' is not assignable to type '{ id: string; transports?: AuthenticatorTransportFuture[] | undefined; }'.
    Types of property 'id' are incompatible.
      Type 'Buffer<ArrayBuffer>' is not assignable to type 'string'.
src/services/authService.ts(544,11): error TS2322: Type 'Uint8Array<ArrayBufferLike>' is not assignable to type 'string'.
src/services/authService.ts(545,11): error TS2322: Type 'Uint8Array<ArrayBufferLike>' is not assignable to type 'Uint8Array<ArrayBuffer>'.
  Type 'ArrayBufferLike' is not assignable to type 'ArrayBuffer'.
    Type 'SharedArrayBuffer' is missing the following properties from type 'ArrayBuffer': resizable, resize, detached, transfer, transferToFixedLength
