src/config/databaseConfig.ts(11,30): error TS2345: Argument of type 'Pool' is not assignable to parameter of type 'string | Pool | PoolConfig'.
  Type 'import("/home/nishu/TechStack/codes/shivansirestaurantranchi/backend/node_modules/@types/pg/index").Pool' is not assignable to type 'import("/home/nishu/TechStack/codes/shivansirestaurantranchi/backend/node_modules/@prisma/adapter-pg/node_modules/@types/pg/index").Pool'.
    The types of 'options.Client' are incompatible between these types.
      Type '(new () => import("/home/nishu/TechStack/codes/shivansirestaurantranchi/backend/node_modules/@types/pg/index").ClientBase) | undefined' is not assignable to type '(new () => import("/home/nishu/TechStack/codes/shivansirestaurantranchi/backend/node_modules/@prisma/adapter-pg/node_modules/@types/pg/index").ClientBase) | undefined'.
        Type 'new () => import("/home/nishu/TechStack/codes/shivansirestaurantranchi/backend/node_modules/@types/pg/index").ClientBase' is not assignable to type 'new () => import("/home/nishu/TechStack/codes/shivansirestaurantranchi/backend/node_modules/@prisma/adapter-pg/node_modules/@types/pg/index").ClientBase'.
          Construct signature return types 'ClientBase' and 'ClientBase' are incompatible.
            The types of 'on' are incompatible between these types.
              Type '<E extends "connect" | "drain" | "error" | "notice" | "notification" | "end">(event: E, listener: E extends "connect" | "drain" | "end" ? () => void : E extends "error" ? (err: Error) => void : E extends "notice" ? (notice: NoticeMessage) => void : (message: Notification) => void) => ClientBase' is not assignable to type '<E extends "drain" | "error" | "notice" | "notification" | "end">(event: E, listener: E extends "drain" | "end" ? () => void : E extends "error" ? (err: Error) => void : E extends "notice" ? (notice: NoticeMessage) => void : (message: Notification) => void) => ClientBase'.
                Types of parameters 'listener' and 'listener' are incompatible.
                  Type 'E extends "drain" | "end" ? () => void : E extends "error" ? (err: Error) => void : E extends "notice" ? (notice: NoticeMessage) => void : (message: Notification) => void' is not assignable to type 'E extends "connect" | "drain" | "end" ? () => void : E extends "error" ? (err: Error) => void : E extends "notice" ? (notice: NoticeMessage) => void : (message: Notification) => void'.
                    Type '(() => void) | (E extends "error" ? (err: Error) => void : E extends "notice" ? (notice: NoticeMessage) => void : (message: Notification) => void)' is not assignable to type 'E extends "connect" | "drain" | "end" ? () => void : E extends "error" ? (err: Error) => void : E extends "notice" ? (notice: NoticeMessage) => void : (message: Notification) => void'.
                      Type '() => void' is not assignable to type 'E extends "connect" | "drain" | "end" ? () => void : E extends "error" ? (err: Error) => void : E extends "notice" ? (notice: NoticeMessage) => void : (message: Notification) => void'.
src/config/emailConfig.ts(3,3): error TS2614: Module '"./envConfig"' has no exported member 'SMTP_FROM_EMAIL'. Did you mean to use 'import SMTP_FROM_EMAIL from "./envConfig"' instead?
src/config/emailConfig.ts(4,3): error TS2614: Module '"./envConfig"' has no exported member 'SMTP_FROM_NAME'. Did you mean to use 'import SMTP_FROM_NAME from "./envConfig"' instead?
src/config/emailConfig.ts(6,3): error TS2724: '"./envConfig"' has no exported member named 'SMTP_PASSWORD'. Did you mean 'SMTP_PASS'?
src/config/serverConfig.ts(7,22): error TS2307: Cannot find module '@fastify/compress' or its corresponding type declarations.
src/controllers/dataController.ts(13,35): error TS2339: Property 'restaurantSettings' does not exist on type 'DynamicClientExtensionThis<TypeMap<InternalArgs & { result: {}; model: {}; query: {}; client: {}; }, GlobalOmitConfig | undefined>, TypeMapCb<GlobalOmitConfig | undefined>, { ...; }>'.
src/controllers/dataController.ts(25,37): error TS2339: Property 'category' does not exist on type 'DynamicClientExtensionThis<TypeMap<InternalArgs & { result: {}; model: {}; query: {}; client: {}; }, GlobalOmitConfig | undefined>, TypeMapCb<GlobalOmitConfig | undefined>, { ...; }>'.
src/controllers/dataController.ts(37,35): error TS2339: Property 'product' does not exist on type 'DynamicClientExtensionThis<TypeMap<InternalArgs & { result: {}; model: {}; query: {}; client: {}; }, GlobalOmitConfig | undefined>, TypeMapCb<GlobalOmitConfig | undefined>, { ...; }>'.
src/controllers/dataController.ts(52,33): error TS2339: Property 'offer' does not exist on type 'DynamicClientExtensionThis<TypeMap<InternalArgs & { result: {}; model: {}; query: {}; client: {}; }, GlobalOmitConfig | undefined>, TypeMapCb<GlobalOmitConfig | undefined>, { ...; }>'.
src/controllers/dataController.ts(65,36): error TS2339: Property 'discount' does not exist on type 'DynamicClientExtensionThis<TypeMap<InternalArgs & { result: {}; model: {}; query: {}; client: {}; }, GlobalOmitConfig | undefined>, TypeMapCb<GlobalOmitConfig | undefined>, { ...; }>'.
src/controllers/dataController.ts(78,32): error TS2339: Property 'loyaltyRule' does not exist on type 'DynamicClientExtensionThis<TypeMap<InternalArgs & { result: {}; model: {}; query: {}; client: {}; }, GlobalOmitConfig | undefined>, TypeMapCb<GlobalOmitConfig | undefined>, { ...; }>'.
src/controllers/dataController.ts(90,33): error TS2339: Property 'restaurantTable' does not exist on type 'DynamicClientExtensionThis<TypeMap<InternalArgs & { result: {}; model: {}; query: {}; client: {}; }, GlobalOmitConfig | undefined>, TypeMapCb<GlobalOmitConfig | undefined>, { ...; }>'.
src/controllers/dataController.ts(102,34): error TS2339: Property 'review' does not exist on type 'DynamicClientExtensionThis<TypeMap<InternalArgs & { result: {}; model: {}; query: {}; client: {}; }, GlobalOmitConfig | undefined>, TypeMapCb<GlobalOmitConfig | undefined>, { ...; }>'.
src/controllers/dataController.ts(114,36): error TS2339: Property 'inventoryItem' does not exist on type 'DynamicClientExtensionThis<TypeMap<InternalArgs & { result: {}; model: {}; query: {}; client: {}; }, GlobalOmitConfig | undefined>, TypeMapCb<GlobalOmitConfig | undefined>, { ...; }>'.
src/controllers/dataController.ts(126,36): error TS2339: Property 'customer' does not exist on type 'DynamicClientExtensionThis<TypeMap<InternalArgs & { result: {}; model: {}; query: {}; client: {}; }, GlobalOmitConfig | undefined>, TypeMapCb<GlobalOmitConfig | undefined>, { ...; }>'.
src/controllers/dataController.ts(138,33): error TS2339: Property 'order' does not exist on type 'DynamicClientExtensionThis<TypeMap<InternalArgs & { result: {}; model: {}; query: {}; client: {}; }, GlobalOmitConfig | undefined>, TypeMapCb<GlobalOmitConfig | undefined>, { ...; }>'.
src/controllers/dataController.ts(152,40): error TS2339: Property 'appNotification' does not exist on type 'DynamicClientExtensionThis<TypeMap<InternalArgs & { result: {}; model: {}; query: {}; client: {}; }, GlobalOmitConfig | undefined>, TypeMapCb<GlobalOmitConfig | undefined>, { ...; }>'.
src/controllers/userController.ts(36,9): error TS2367: This comparison appears to be unintentional because the types 'Role' and '"SUPERADMIN"' have no overlap.
src/controllers/userController.ts(52,13): error TS2322: Type '"USER" | "ADMIN" | "SUPERADMIN"' is not assignable to type 'Exact<Role | EnumRoleFieldUpdateOperationsInput | undefined, Role | EnumRoleFieldUpdateOperationsInput | undefined>'.
  Type '"SUPERADMIN"' is not assignable to type 'Exact<Role | EnumRoleFieldUpdateOperationsInput | undefined, Role | EnumRoleFieldUpdateOperationsInput | undefined>'.
src/middlewares/rateLimiter.ts(1,52): error TS2307: Cannot find module '@fastify/rate-limit' or its corresponding type declarations.
src/middlewares/rateLimiter.ts(14,26): error TS7006: Parameter 'req' implicitly has an 'any' type.
src/middlewares/rateLimiter.ts(14,31): error TS7006: Parameter 'context' implicitly has an 'any' type.
src/middlewares/requireRole.ts(2,32): error TS2307: Cannot find module '../utils/errors.js' or its corresponding type declarations.
src/providers/gmailProvider.ts(1,24): error TS2307: Cannot find module 'googleapis' or its corresponding type declarations.
src/providers/gmailProvider.ts(3,17): error TS2307: Cannot find module '../config/env.js' or its corresponding type declarations.
src/providers/gmailProvider.ts(73,5): error TS2322: Type 'string | null' is not assignable to type 'string'.
  Type 'null' is not assignable to type 'string'.
src/providers/nodemailerProvider.ts(2,17): error TS2307: Cannot find module '../config/env.js' or its corresponding type declarations.
src/routes/v1/health.ts(8,22): error TS2769: No overload matches this call.
  Overload 1 of 3, '(path: string, handler: RouteHandlerMethod<RawServerDefault, IncomingMessage, ServerResponse<IncomingMessage>, RouteGenericInterface, unknown, FastifySchema, FastifyTypeProviderDefault, FastifyBaseLogger>): FastifyInstance<...>', gave the following error.
    Argument of type '(req: Request, res: Response) => Promise<never>' is not assignable to parameter of type 'RouteHandlerMethod<RawServerDefault, IncomingMessage, ServerResponse<IncomingMessage>, RouteGenericInterface, unknown, FastifySchema, FastifyTypeProviderDefault, FastifyBaseLogger>'.
      Types of parameters 'req' and 'request' are incompatible.
        Type 'FastifyRequest<RouteGenericInterface, RawServerDefault, IncomingMessage, FastifySchema, FastifyTypeProviderDefault, unknown, FastifyBaseLogger, ResolveFastifyRequestType<...>>' is missing the following properties from type 'Request': cache, credentials, destination, integrity, and 12 more.
  Overload 2 of 3, '(path: string, opts: RouteShorthandOptionsWithHandler<RawServerDefault, IncomingMessage, ServerResponse<IncomingMessage>, RouteGenericInterface, unknown, FastifySchema, FastifyTypeProviderDefault, FastifyBaseLogger>): FastifyInstance<...>', gave the following error.
    Argument of type '(req: Request, res: Response) => Promise<never>' is not assignable to parameter of type 'RouteShorthandOptionsWithHandler<RawServerDefault, IncomingMessage, ServerResponse<IncomingMessage>, RouteGenericInterface, unknown, FastifySchema, FastifyTypeProviderDefault, FastifyBaseLogger>'.
src/routes/v1/health.ts(10,24): error TS2345: Argument of type 'Response' is not assignable to parameter of type 'FastifyReply<RouteGenericInterface, RawServerDefault, IncomingMessage, ServerResponse<IncomingMessage>, unknown, FastifySchema, FastifyTypeProviderDefault, unknown>'.
  Type 'Response' is missing the following properties from type 'FastifyReply<RouteGenericInterface, RawServerDefault, IncomingMessage, ServerResponse<IncomingMessage>, unknown, FastifySchema, FastifyTypeProviderDefault, unknown>': routeOptions, raw, elapsedTime, log, and 33 more.
src/routes/v1/ping.ts(7,20): error TS2769: No overload matches this call.
  Overload 1 of 3, '(path: string, handler: RouteHandlerMethod<RawServerDefault, IncomingMessage, ServerResponse<IncomingMessage>, RouteGenericInterface, unknown, FastifySchema, FastifyTypeProviderDefault, FastifyBaseLogger>): FastifyInstance<...>', gave the following error.
    Argument of type '(req: Request, res: Response) => Promise<never>' is not assignable to parameter of type 'RouteHandlerMethod<RawServerDefault, IncomingMessage, ServerResponse<IncomingMessage>, RouteGenericInterface, unknown, FastifySchema, FastifyTypeProviderDefault, FastifyBaseLogger>'.
      Types of parameters 'req' and 'request' are incompatible.
        Type 'FastifyRequest<RouteGenericInterface, RawServerDefault, IncomingMessage, FastifySchema, FastifyTypeProviderDefault, unknown, FastifyBaseLogger, ResolveFastifyRequestType<...>>' is missing the following properties from type 'Request': cache, credentials, destination, integrity, and 12 more.
  Overload 2 of 3, '(path: string, opts: RouteShorthandOptionsWithHandler<RawServerDefault, IncomingMessage, ServerResponse<IncomingMessage>, RouteGenericInterface, unknown, FastifySchema, FastifyTypeProviderDefault, FastifyBaseLogger>): FastifyInstance<...>', gave the following error.
    Argument of type '(req: Request, res: Response) => Promise<never>' is not assignable to parameter of type 'RouteShorthandOptionsWithHandler<RawServerDefault, IncomingMessage, ServerResponse<IncomingMessage>, RouteGenericInterface, unknown, FastifySchema, FastifyTypeProviderDefault, FastifyBaseLogger>'.
src/routes/v1/ping.ts(8,24): error TS2345: Argument of type 'Response' is not assignable to parameter of type 'FastifyReply<RouteGenericInterface, RawServerDefault, IncomingMessage, ServerResponse<IncomingMessage>, unknown, FastifySchema, FastifyTypeProviderDefault, unknown>'.
  Type 'Response' is missing the following properties from type 'FastifyReply<RouteGenericInterface, RawServerDefault, IncomingMessage, ServerResponse<IncomingMessage>, unknown, FastifySchema, FastifyTypeProviderDefault, unknown>': routeOptions, raw, elapsedTime, log, and 33 more.
src/routes/v1/version.ts(6,25): error TS2769: No overload matches this call.
  Overload 1 of 3, '(path: string, handler: RouteHandlerMethod<RawServerDefault, IncomingMessage, ServerResponse<IncomingMessage>, RouteGenericInterface, unknown, FastifySchema, FastifyTypeProviderDefault, FastifyBaseLogger>): FastifyInstance<...>', gave the following error.
    Argument of type '(req: Request, res: Response) => FastifyReply<RouteGenericInterface, RawServerDefault, IncomingMessage, ServerResponse<IncomingMessage>, unknown, FastifySchema, FastifyTypeProviderDefault, unknown>' is not assignable to parameter of type 'RouteHandlerMethod<RawServerDefault, IncomingMessage, ServerResponse<IncomingMessage>, RouteGenericInterface, unknown, FastifySchema, FastifyTypeProviderDefault, FastifyBaseLogger>'.
      Types of parameters 'req' and 'request' are incompatible.
        Type 'FastifyRequest<RouteGenericInterface, RawServerDefault, IncomingMessage, FastifySchema, FastifyTypeProviderDefault, unknown, FastifyBaseLogger, ResolveFastifyRequestType<...>>' is missing the following properties from type 'Request': cache, credentials, destination, integrity, and 12 more.
  Overload 2 of 3, '(path: string, opts: RouteShorthandOptionsWithHandler<RawServerDefault, IncomingMessage, ServerResponse<IncomingMessage>, RouteGenericInterface, unknown, FastifySchema, FastifyTypeProviderDefault, FastifyBaseLogger>): FastifyInstance<...>', gave the following error.
    Argument of type '(req: Request, res: Response) => FastifyReply<RouteGenericInterface, RawServerDefault, IncomingMessage, ServerResponse<IncomingMessage>, unknown, FastifySchema, FastifyTypeProviderDefault, unknown>' is not assignable to parameter of type 'RouteShorthandOptionsWithHandler<RawServerDefault, IncomingMessage, ServerResponse<IncomingMessage>, RouteGenericInterface, unknown, FastifySchema, FastifyTypeProviderDefault, FastifyBaseLogger>'.
src/routes/v1/version.ts(7,28): error TS2345: Argument of type 'Response' is not assignable to parameter of type 'FastifyReply<RouteGenericInterface, RawServerDefault, IncomingMessage, ServerResponse<IncomingMessage>, unknown, FastifySchema, FastifyTypeProviderDefault, unknown>'.
  Type 'Response' is missing the following properties from type 'FastifyReply<RouteGenericInterface, RawServerDefault, IncomingMessage, ServerResponse<IncomingMessage>, unknown, FastifySchema, FastifyTypeProviderDefault, unknown>': routeOptions, raw, elapsedTime, log, and 33 more.
src/services/authService.ts(33,8): error TS2307: Cannot find module '@simplewebauthn/server' or its corresponding type declarations.
src/services/authService.ts(34,75): error TS2307: Cannot find module '@simplewebauthn/server' or its corresponding type declarations.
src/services/authService.ts(41,3): error TS2614: Module '"../config/envConfig"' has no exported member 'GOOGLE_REDIRECT_URI'. Did you mean to use 'import GOOGLE_REDIRECT_URI from "../config/envConfig"' instead?
src/services/authService.ts(67,49): error TS2345: Argument of type 'string | undefined' is not assignable to parameter of type 'string'.
  Type 'undefined' is not assignable to type 'string'.
src/services/authService.ts(88,33): error TS2345: Argument of type '{ code: string; client_id: string | undefined; client_secret: string | undefined; redirect_uri: any; grant_type: string; }' is not assignable to parameter of type 'string | URLSearchParams | Record<string, string> | string[][] | undefined'.
  Type '{ code: string; client_id: string | undefined; client_secret: string | undefined; redirect_uri: any; grant_type: string; }' is not assignable to type 'undefined'.
src/services/authService.ts(435,45): error TS7006: Parameter 'key' implicitly has an 'any' type.
src/services/authService.ts(473,13): error TS2304: Cannot find name 'prisma'.
src/services/authService.ts(494,28): error TS2304: Cannot find name 'prisma'.
src/services/authService.ts(498,38): error TS7006: Parameter 'key' implicitly has an 'any' type.
src/services/authService.ts(513,24): error TS2339: Property 'currentChallenge' does not exist on type '{ password: string; name: string; id: string; createdAt: Date; email: string; phone: string | null; role: Role; avatarUrl: string | null; isActive: boolean; lastLogin: Date; refreshToken: string | null; totpSecret: string | null; isTotpEnabled: boolean; updatedAt: Date; }'.
src/services/authService.ts(516,28): error TS2304: Cannot find name 'prisma'.
src/services/authService.ts(517,35): error TS7006: Parameter 'key' implicitly has an 'any' type.
src/services/authService.ts(527,33): error TS2339: Property 'currentChallenge' does not exist on type '{ password: string; name: string; id: string; createdAt: Date; email: string; phone: string | null; role: Role; avatarUrl: string | null; isActive: boolean; lastLogin: Date; refreshToken: string | null; totpSecret: string | null; isTotpEnabled: boolean; updatedAt: Date; }'.
src/services/authService.ts(542,13): error TS2304: Cannot find name 'prisma'.
src/services/authService.ts(559,63): error TS2339: Property 'currentChallenge' does not exist on type '{ password: string; name: string; id: string; createdAt: Date; email: string; phone: string | null; role: Role; avatarUrl: string | null; isActive: boolean; lastLogin: Date; refreshToken: string | null; totpSecret: string | null; isTotpEnabled: boolean; updatedAt: Date; }'.
src/utils/helpers/hash.ts(2,10): error TS2614: Module '"../../config/envConfig"' has no exported member 'BCRYPT_SALT_ROUND'. Did you mean to use 'import BCRYPT_SALT_ROUND from "../../config/envConfig"' instead?
src/utils/helpers/jwt.ts(3,3): error TS2614: Module '"../../config/envConfig"' has no exported member 'JWT_ACCESS_EXPIRY'. Did you mean to use 'import JWT_ACCESS_EXPIRY from "../../config/envConfig"' instead?
src/utils/helpers/jwt.ts(5,3): error TS2614: Module '"../../config/envConfig"' has no exported member 'JWT_REFRESH_EXPIRY'. Did you mean to use 'import JWT_REFRESH_EXPIRY from "../../config/envConfig"' instead?
src/utils/helpers/totp.ts(3,10): error TS2614: Module '"../../config/envConfig"' has no exported member 'TOTP_ISSUER'. Did you mean to use 'import TOTP_ISSUER from "../../config/envConfig"' instead?
